// Jest Snapshot v1, https://goo.gl/fbAQLP

exports[`<Calendar /> renders 1`] = `
<Styled(View)>
  <StatusBar
    animated={false}
    backgroundColor="#cf6a87"
    barStyle="light-content"
    showHideTransition="fade"
  />
  <BackgroundGradient />
  <Loader
    style={
      Object {
        "height": 100,
        "width": 100,
      }
    }
  />
</Styled(View)>
`;

exports[`<Calendar /> renders with markedDates 1`] = `
<Styled(View)>
  <StatusBar
    animated={false}
    backgroundColor="#cf6a87"
    barStyle="light-content"
    showHideTransition="fade"
  />
  <BackgroundGradient />
  <Loader
    style={
      Object {
        "height": 100,
        "width": 100,
      }
    }
  />
</Styled(View)>
`;
