// Jest Snapshot v1, https://goo.gl/fbAQLP

exports[`<CheckIn /> renders check in state 1`] = `
<Styled(View)>
  <StatusBar
    animated={false}
    backgroundColor="#cf6a87"
    barStyle="light-content"
    showHideTransition="fade"
  />
  <BackgroundGradient />
  <Styled(KeyboardAvoidingView)
    behavior="padding"
  >
    <Styled(View)>
      <Styled(TouchableOpacity)
        onPress={[Function]}
      >
        <Styled(Text)>
          <Icon
            allowFontScaling={false}
            name="emoji-happy"
            size={78}
          />
        </Styled(Text)>
      </Styled(TouchableOpacity)>
      <Styled(TouchableOpacity)
        onPress={[Function]}
      >
        <Styled(Text)>
          <Icon
            allowFontScaling={false}
            name="emoji-neutral"
            size={78}
          />
        </Styled(Text)>
      </Styled(TouchableOpacity)>
      <Styled(TouchableOpacity)
        onPress={[Function]}
      >
        <Styled(Text)>
          <Icon
            allowFontScaling={false}
            name="emoji-sad"
            size={78}
          />
        </Styled(Text)>
      </Styled(TouchableOpacity)>
    </Styled(View)>
    <Styled(TextInput)
      autoCorrect={true}
      blurOnSubmit={true}
      multiline={true}
      onChangeText={[Function]}
      placeholder="Today was..."
      placeholderTextColor="#596275"
      returnKeyType="done"
      selectionColor="#cf6a87"
      underlineColorAndroid="transparent"
    />
  </Styled(KeyboardAvoidingView)>
</Styled(View)>
`;

exports[`<CheckIn /> renders done state 1`] = `
<Styled(View)>
  <StatusBar
    animated={false}
    backgroundColor="#cf6a87"
    barStyle="light-content"
    showHideTransition="fade"
  />
  <BackgroundGradient />
  <Styled(KeyboardAvoidingView)
    behavior="padding"
  >
    <Styled(View)>
      <Styled(TouchableOpacity)
        onPress={[Function]}
      >
        <Styled(Text)>
          <Icon
            allowFontScaling={false}
            name="emoji-happy"
            size={78}
          />
        </Styled(Text)>
      </Styled(TouchableOpacity)>
      <Styled(TouchableOpacity)
        onPress={[Function]}
      >
        <Styled(Text)>
          <Icon
            allowFontScaling={false}
            name="emoji-neutral"
            size={78}
          />
        </Styled(Text)>
      </Styled(TouchableOpacity)>
      <Styled(TouchableOpacity)
        onPress={[Function]}
      >
        <Styled(Text)>
          <Icon
            allowFontScaling={false}
            name="emoji-sad"
            size={78}
          />
        </Styled(Text)>
      </Styled(TouchableOpacity)>
    </Styled(View)>
    <Styled(TextInput)
      autoCorrect={true}
      blurOnSubmit={true}
      multiline={true}
      onChangeText={[Function]}
      placeholder="Today was..."
      placeholderTextColor="#596275"
      returnKeyType="done"
      selectionColor="#cf6a87"
      underlineColorAndroid="transparent"
    />
  </Styled(KeyboardAvoidingView)>
</Styled(View)>
`;

exports[`<CheckIn /> renders loading state 1`] = `
<Styled(View)>
  <StatusBar
    animated={false}
    backgroundColor="#cf6a87"
    barStyle="light-content"
    showHideTransition="fade"
  />
  <BackgroundGradient />
  <Loader
    style={
      Object {
        "height": 100,
        "width": 100,
      }
    }
  />
</Styled(View)>
`;
