// Jest Snapshot v1, https://goo.gl/fbAQLP

exports[`<Reports /> renders a no check ins state 1`] = `
<Styled(View)>
  <BackgroundGradient />
  <Loader
    style={
      Object {
        "height": 100,
        "width": 100,
      }
    }
  />
</Styled(View)>
`;

exports[`<Reports /> renders reports for check ins 1`] = `
<Styled(View)>
  <BackgroundGradient />
  <Loader
    style={
      Object {
        "height": 100,
        "width": 100,
      }
    }
  />
</Styled(View)>
`;
