// Jest Snapshot v1, https://goo.gl/fbAQLP

exports[`<Button /> renders a transparent button (no background color) 1`] = `
.c0 {
  -webkit-align-items: center;
  -webkit-box-align: center;
  -ms-flex-align: center;
  align-items: center;
  border-radius: 3px;
  -webkit-box-pack: center;
  -webkit-justify-content: center;
  -ms-flex-pack: center;
  justify-content: center;
  padding: 10px 18px;
}

<TouchableOpacity
  activeOpacity={0.2}
  className="c0"
>
  <Text
    accessible={true}
    allowFontScaling={true}
    ellipsizeMode="tail"
  >
    Press Me
  </Text>
</TouchableOpacity>
`;
